2025-10-24 21:31:46,389 p=1137 u=devops n=ansible ERROR| ERROR! the role 'vsftpd-role' was not found in /home/devops/ansible-training/lessons/14_Roles/vsftpd-role/roles/vsftpd-role/tests/roles:/home/devops/.ansible/roles:/usr/share/ansible/roles:/etc/ansible/roles:/home/devops/ansible-training/lessons/14_Roles/vsftpd-role/roles/vsftpd-role/tests

The error appears to be in '/home/devops/ansible-training/lessons/14_Roles/vsftpd-role/roles/vsftpd-role/tests/main.yml': line 8, column 7, but may
be elsewhere in the file depending on the exact syntax problem.

The offending line appears to be:

  roles:
    - vsftpd-role
      ^ here

2025-10-24 21:32:15,308 p=1141 u=devops n=ansible ERROR| ERROR! this task 'import_playbook' has extra params, which is only allowed in the following modules: import_role, add_host, include_role, script, win_shell, shell, command, raw, meta, win_command, include_vars, include_tasks, group_by, import_tasks, set_fact

The error appears to be in '/home/devops/ansible-training/lessons/14_Roles/vsftpd-role/roles/vsftpd-role/tasks/main.yml': line 3, column 3, but may
be elsewhere in the file depending on the exact syntax problem.

The offending line appears to be:

# FTP Servers playbook
- import_playbook: vsftpd.yml
  ^ here

2025-10-24 21:33:31,325 p=1148 u=devops n=ansible ERROR| ERROR! this task 'import_playbook' has extra params, which is only allowed in the following modules: include_tasks, include_role, raw, import_role, meta, script, import_tasks, set_fact, shell, win_command, group_by, include_vars, command, add_host, win_shell

The error appears to be in '/home/devops/ansible-training/lessons/14_Roles/vsftpd-role/roles/vsftpd-role/tasks/main.yml': line 3, column 3, but may
be elsewhere in the file depending on the exact syntax problem.

The offending line appears to be:

# FTP Servers playbook
- import_playbook: ./vsftpd.yml
  ^ here

2025-10-24 21:39:20,828 p=1163 u=devops n=ansible ERROR| ERROR! this task 'include_playbook' has extra params, which is only allowed in the following modules: win_shell, include_tasks, add_host, import_role, group_by, script, include_vars, command, win_command, shell, import_tasks, raw, meta, set_fact, include_role

The error appears to be in '/home/devops/ansible-training/lessons/14_Roles/vsftpd-role/roles/vsftpd-role/tasks/main.yml': line 3, column 3, but may
be elsewhere in the file depending on the exact syntax problem.

The offending line appears to be:

# FTP Servers playbook
- include_playbook: ./vsftpd.yml
  ^ here

2025-10-24 21:40:07,317 p=1169 u=devops n=ansible INFO| PLAY [Smoke test of vsftpd-to-role project] ***************************************************************************
2025-10-24 21:40:07,325 p=1169 u=devops n=ansible INFO| TASK [vsftpd-role : include_tasks] ************************************************************************************
2025-10-24 21:40:07,341 p=1169 u=devops n=ansible ERROR| ERROR! unexpected parameter type in action: <class 'ansible.parsing.yaml.objects.AnsibleSequence'>

The error appears to be in '/home/devops/ansible-training/lessons/14_Roles/vsftpd-role/roles/vsftpd-role/tasks/vsftpd.yml': line 2, column 3, but may
be elsewhere in the file depending on the exact syntax problem.

The offending line appears to be:

---
- name: FTP server is installed
  ^ here

2025-10-24 21:42:08,214 p=1182 u=devops n=ansible ERROR| ERROR! conflicting action statements: include_tasks, hosts

The error appears to be in '/home/devops/ansible-training/lessons/14_Roles/vsftpd-role/roles/vsftpd-role/tasks/main.yml': line 3, column 3, but may
be elsewhere in the file depending on the exact syntax problem.

The offending line appears to be:

# FTP Servers playbook
- include_tasks: ./vsftpd.yml
  ^ here

2025-10-24 21:43:32,444 p=1187 u=devops n=ansible ERROR| ERROR! conflicting action statements: include_tasks, limit

The error appears to be in '/home/devops/ansible-training/lessons/14_Roles/vsftpd-role/roles/vsftpd-role/tasks/main.yml': line 3, column 3, but may
be elsewhere in the file depending on the exact syntax problem.

The offending line appears to be:

# FTP Servers playbook
- include_tasks: ./vsftpd.yml
  ^ here

2025-10-24 21:52:05,537 p=1198 u=devops n=ansible ERROR| ERROR! conflicting action statements: include_tasks, vars_files

The error appears to be in '/home/devops/ansible-training/lessons/14_Roles/vsftpd-role/roles/vsftpd-role/tasks/main.yml': line 6, column 7, but may
be elsewhere in the file depending on the exact syntax problem.

The offending line appears to be:

    # FTP Servers playbook
    - include_tasks: ./vsftpd.yml
      ^ here

2025-10-24 21:53:22,372 p=1206 u=devops n=ansible ERROR| ERROR! conflicting action statements: include_tasks, vars_files

The error appears to be in '/home/devops/ansible-training/lessons/14_Roles/vsftpd-role/roles/vsftpd-role/tasks/main.yml': line 6, column 7, but may
be elsewhere in the file depending on the exact syntax problem.

The offending line appears to be:

    # FTP Servers playbook
    - include_tasks: ./vsftpd.yml
      ^ here

2025-10-24 21:54:37,625 p=1211 u=devops n=ansible ERROR| ERROR! 'vars_files' is not a valid attribute for a Block

The error appears to be in '/home/devops/ansible-training/lessons/14_Roles/vsftpd-role/roles/vsftpd-role/tasks/main.yml': line 2, column 3, but may
be elsewhere in the file depending on the exact syntax problem.

The offending line appears to be:

---
- name: vsftpd role main Playbook
  ^ here

2025-10-24 21:55:13,435 p=1215 u=devops n=ansible ERROR| ERROR! 'vars_files' is not a valid attribute for a Block

The error appears to be in '/home/devops/ansible-training/lessons/14_Roles/vsftpd-role/roles/vsftpd-role/tasks/main.yml': line 2, column 3, but may
be elsewhere in the file depending on the exact syntax problem.

The offending line appears to be:

---
- name: vsftpd role main Playbook
  ^ here

2025-10-24 21:55:52,112 p=1220 u=devops n=ansible ERROR| ERROR! We were unable to read either as JSON nor YAML, these are the errors we got from each:
JSON: Expecting value: line 1 column 1 (char 0)

Syntax Error while loading YAML.
  did not find expected key. while parsing a block mapping
  in "<unicode string>", line 2, column 3
did not find expected key
  in "<unicode string>", line 5, column 5

The error appears to be in '/home/devops/ansible-training/lessons/14_Roles/vsftpd-role/roles/vsftpd-role/tasks/main.yml': line 5, column 5, but may
be elsewhere in the file depending on the exact syntax problem.

The offending line appears to be:

    # FTP Servers playbook
    - include_tasks: ./vsftpd.yml
    ^ here

2025-10-24 21:56:07,566 p=1225 u=devops n=ansible INFO| PLAY [Smoke test of vsftpd-to-role project] ***************************************************************************
2025-10-24 21:56:07,574 p=1225 u=devops n=ansible INFO| TASK [vsftpd-role : include_tasks] ************************************************************************************
2025-10-24 21:56:07,588 p=1225 u=devops n=ansible INFO| fatal: [host3]: FAILED! => 
    msg: |-
        The conditional check 'inventoy_hostname in ftpservers' failed. The error was: error while evaluating conditional (inventoy_hostname in ftpservers): 'ftpservers' is undefined

        The error appears to be in '/home/devops/ansible-training/lessons/14_Roles/vsftpd-role/roles/vsftpd-role/tasks/main.yml': line 3, column 7, but may
        be elsewhere in the file depending on the exact syntax problem.

        The offending line appears to be:

            # FTP Servers playbook
            - include_tasks: ./vsftpd.yml
              ^ here

2025-10-24 21:56:07,589 p=1225 u=devops n=ansible INFO| PLAY RECAP ************************************************************************************************************
2025-10-24 21:56:07,593 p=1225 u=devops n=ansible INFO| host3                      : ok=0    changed=0    unreachable=0    failed=1    skipped=0    rescued=0    ignored=0   
2025-10-24 21:57:17,300 p=1236 u=devops n=ansible INFO| PLAY [Smoke test of vsftpd-to-role project] ***************************************************************************
2025-10-24 21:57:17,309 p=1236 u=devops n=ansible INFO| TASK [vsftpd-role : include_tasks] ************************************************************************************
2025-10-24 21:57:17,326 p=1236 u=devops n=ansible INFO| fatal: [host3]: FAILED! => 
    msg: |-
        The conditional check 'inventoy_hostname in groups['ftpservers']' failed. The error was: error while evaluating conditional (inventoy_hostname in groups['ftpservers']): 'inventoy_hostname' is undefined

        The error appears to be in '/home/devops/ansible-training/lessons/14_Roles/vsftpd-role/roles/vsftpd-role/tasks/main.yml': line 3, column 7, but may
        be elsewhere in the file depending on the exact syntax problem.

        The offending line appears to be:

            # FTP Servers playbook
            - include_tasks: ./vsftpd.yml
              ^ here

2025-10-24 21:57:17,328 p=1236 u=devops n=ansible INFO| PLAY RECAP ************************************************************************************************************
2025-10-24 21:57:17,328 p=1236 u=devops n=ansible INFO| host3                      : ok=0    changed=0    unreachable=0    failed=1    skipped=0    rescued=0    ignored=0   
2025-10-24 21:57:35,996 p=1243 u=devops n=ansible INFO| PLAY [Smoke test of vsftpd-to-role project] ***************************************************************************
2025-10-24 21:57:36,001 p=1243 u=devops n=ansible INFO| TASK [vsftpd-role : include_tasks] ************************************************************************************
2025-10-24 21:57:36,019 p=1243 u=devops n=ansible INFO| skipping: [host3]
2025-10-24 21:57:36,021 p=1243 u=devops n=ansible INFO| TASK [vsftpd-role : include_tasks] ************************************************************************************
2025-10-24 21:57:36,032 p=1243 u=devops n=ansible INFO| fatal: [host3]: FAILED! => 
    msg: |-
        The conditional check 'inventory_hostname in groups['ftpcliens']' failed. The error was: error while evaluating conditional (inventory_hostname in groups['ftpcliens']): 'dict object' has no attribute 'ftpcliens'

        The error appears to be in '/home/devops/ansible-training/lessons/14_Roles/vsftpd-role/roles/vsftpd-role/tasks/main.yml': line 7, column 7, but may
        be elsewhere in the file depending on the exact syntax problem.

        The offending line appears to be:

            # FTP Clients playbook
            - include_tasks: ./ftpclients.yml
              ^ here

2025-10-24 21:57:36,032 p=1243 u=devops n=ansible INFO| PLAY RECAP ************************************************************************************************************
2025-10-24 21:57:36,032 p=1243 u=devops n=ansible INFO| host3                      : ok=0    changed=0    unreachable=0    failed=1    skipped=1    rescued=0    ignored=0   
2025-10-24 21:57:57,999 p=1249 u=devops n=ansible INFO| PLAY [Smoke test of vsftpd-to-role project] ***************************************************************************
2025-10-24 21:57:58,005 p=1249 u=devops n=ansible INFO| TASK [vsftpd-role : include_tasks] ************************************************************************************
2025-10-24 21:57:58,018 p=1249 u=devops n=ansible INFO| skipping: [host3]
2025-10-24 21:57:58,019 p=1249 u=devops n=ansible INFO| TASK [vsftpd-role : include_tasks] ************************************************************************************
2025-10-24 21:57:58,033 p=1249 u=devops n=ansible INFO| fatal: [host3]: FAILED! => 
    msg: |-
        The conditional check 'inventory_hostname in groups['ftpcliens']' failed. The error was: error while evaluating conditional (inventory_hostname in groups['ftpcliens']): 'dict object' has no attribute 'ftpcliens'

        The error appears to be in '/home/devops/ansible-training/lessons/14_Roles/vsftpd-role/roles/vsftpd-role/tasks/main.yml': line 7, column 7, but may
        be elsewhere in the file depending on the exact syntax problem.

        The offending line appears to be:

            # FTP Clients playbook
            - include_tasks: ./ftpclients.yml
              ^ here

2025-10-24 21:57:58,034 p=1249 u=devops n=ansible INFO| PLAY RECAP ************************************************************************************************************
2025-10-24 21:57:58,035 p=1249 u=devops n=ansible INFO| host3                      : ok=0    changed=0    unreachable=0    failed=1    skipped=1    rescued=0    ignored=0   
2025-10-24 21:58:38,120 p=1258 u=devops n=ansible INFO| PLAY [Smoke test of vsftpd-to-role project] ***************************************************************************
2025-10-24 21:58:38,128 p=1258 u=devops n=ansible INFO| TASK [vsftpd-role : include_tasks] ************************************************************************************
2025-10-24 21:58:38,142 p=1258 u=devops n=ansible INFO| skipping: [host3]
2025-10-24 21:58:38,143 p=1258 u=devops n=ansible INFO| TASK [vsftpd-role : include_tasks] ************************************************************************************
2025-10-24 21:58:38,163 p=1258 u=devops n=ansible INFO| included: /home/devops/ansible-training/lessons/14_Roles/vsftpd-role/roles/vsftpd-role/tasks/./ftpclients.yml for host3
2025-10-24 21:58:38,165 p=1258 u=devops n=ansible INFO| TASK [vsftpd-role : latest version of lftp is installed] **************************************************************
2025-10-24 21:58:40,463 p=1258 u=devops n=ansible INFO| ok: [host3]
2025-10-24 21:58:40,468 p=1258 u=devops n=ansible INFO| TASK [Test lftp from host3 to host2] **********************************************************************************
2025-10-24 21:58:41,314 p=1258 u=devops n=ansible INFO| changed: [host3]
2025-10-24 21:58:41,316 p=1258 u=devops n=ansible INFO| TASK [Print lftp result] **********************************************************************************************
2025-10-24 21:58:41,332 p=1258 u=devops n=ansible INFO| ok: [host3] => 
    msg: ''

2025-10-24 21:58:41,333 p=1258 u=devops n=ansible INFO| PLAY RECAP ************************************************************************************************************
2025-10-24 21:58:41,333 p=1258 u=devops n=ansible INFO| host3                      : ok=4    changed=1    unreachable=0    failed=0    skipped=1    rescued=0    ignored=0   
2025-10-24 22:00:07,469 p=1292 u=devops n=ansible ERROR| ERROR! unexpected parameter type in action: <class 'ansible.parsing.yaml.objects.AnsibleSequence'>

The error appears to be in '/home/devops/ansible-training/lessons/14_Roles/vsftpd-role/main.yml': line 12, column 7, but may
be elsewhere in the file depending on the exact syntax problem.

The offending line appears to be:


    - name: Test lftp from host3 to host2
      ^ here

2025-10-24 22:00:42,170 p=1297 u=devops n=ansible ERROR| ERROR! unexpected parameter type in action: <class 'ansible.parsing.yaml.objects.AnsibleSequence'>

The error appears to be in '/home/devops/ansible-training/lessons/14_Roles/vsftpd-role/main.yml': line 12, column 7, but may
be elsewhere in the file depending on the exact syntax problem.

The offending line appears to be:


    - name: Testing
      ^ here

2025-10-24 22:01:03,418 p=1302 u=devops n=ansible ERROR| ERROR! unexpected parameter type in action: <class 'ansible.parsing.yaml.objects.AnsibleSequence'>

The error appears to be in '/home/devops/ansible-training/lessons/14_Roles/vsftpd-role/main.yml': line 12, column 7, but may
be elsewhere in the file depending on the exact syntax problem.

The offending line appears to be:


    - name: Testing
      ^ here

2025-10-24 22:02:04,881 p=1313 u=devops n=ansible ERROR| ERROR! unexpected parameter type in action: <class 'ansible.parsing.yaml.objects.AnsibleSequence'>

The error appears to be in '/home/devops/ansible-training/lessons/14_Roles/vsftpd-role/main.yml': line 12, column 7, but may
be elsewhere in the file depending on the exact syntax problem.

The offending line appears to be:


    - name: Testing
      ^ here

2025-10-24 22:03:24,367 p=1318 u=devops n=ansible ERROR| ERROR! couldn't resolve module/action 'asnible.builtin.include_tasks'. This often indicates a misspelling, missing collection, or incorrect module path.

The error appears to be in '/home/devops/ansible-training/lessons/14_Roles/vsftpd-role/main.yml': line 12, column 7, but may
be elsewhere in the file depending on the exact syntax problem.

The offending line appears to be:


    - name: Testing
      ^ here

2025-10-24 22:03:54,177 p=1323 u=devops n=ansible ERROR| ERROR! couldn't resolve module/action 'asnible.builtin.include_tasks'. This often indicates a misspelling, missing collection, or incorrect module path.

The error appears to be in '/home/devops/ansible-training/lessons/14_Roles/vsftpd-role/main.yml': line 12, column 7, but may
be elsewhere in the file depending on the exact syntax problem.

The offending line appears to be:


    - name: Testing
      ^ here

2025-10-24 22:04:10,146 p=1326 u=devops n=ansible ERROR| ERROR! couldn't resolve module/action 'asnible.builtin.include_tasks'. This often indicates a misspelling, missing collection, or incorrect module path.

The error appears to be in '/home/devops/ansible-training/lessons/14_Roles/vsftpd-role/main.yml': line 12, column 7, but may
be elsewhere in the file depending on the exact syntax problem.

The offending line appears to be:


    - name: Testing
      ^ here

2025-10-24 22:04:53,368 p=1332 u=devops n=ansible INFO| PLAY [Smoke test of vsftpd-to-role project] ***************************************************************************
2025-10-24 22:04:53,391 p=1332 u=devops n=ansible INFO| TASK [vsftpd-role : include_tasks] ************************************************************************************
2025-10-24 22:04:53,402 p=1332 u=devops n=ansible INFO| skipping: [host3]
2025-10-24 22:04:53,403 p=1332 u=devops n=ansible INFO| TASK [vsftpd-role : include_tasks] ************************************************************************************
2025-10-24 22:04:53,421 p=1332 u=devops n=ansible INFO| included: /home/devops/ansible-training/lessons/14_Roles/vsftpd-role/roles/vsftpd-role/tasks/./ftpclients.yml for host3
2025-10-24 22:04:53,423 p=1332 u=devops n=ansible INFO| TASK [vsftpd-role : latest version of lftp is installed] **************************************************************
2025-10-24 22:04:55,507 p=1332 u=devops n=ansible INFO| ok: [host3]
2025-10-24 22:04:55,511 p=1332 u=devops n=ansible INFO| TASK [Testing] ********************************************************************************************************
2025-10-24 22:04:55,525 p=1332 u=devops n=ansible ERROR| ERROR! Could not find or access '/home/devops/ansible-training/lessons/14_Roles/vsftpd-role/roles/vsftpd-role/tests/main.xml' on the Ansible Controller.
2025-10-24 22:04:55,526 p=1332 u=devops n=ansible INFO| fatal: [host3]: FAILED! => 
    changed: false
    include: ./roles/vsftpd-role/tests/main.xml
    reason: Could not find or access '/home/devops/ansible-training/lessons/14_Roles/vsftpd-role/roles/vsftpd-role/tests/main.xml'
        on the Ansible Controller.

2025-10-24 22:04:55,539 p=1332 u=devops n=ansible INFO| PLAY RECAP ************************************************************************************************************
2025-10-24 22:04:55,539 p=1332 u=devops n=ansible INFO| host3                      : ok=2    changed=0    unreachable=0    failed=1    skipped=1    rescued=0    ignored=0   
2025-10-24 22:05:31,348 p=1356 u=devops n=ansible INFO| PLAY [Smoke test of vsftpd-to-role project] ***************************************************************************
2025-10-24 22:05:31,368 p=1356 u=devops n=ansible INFO| TASK [vsftpd-role : include_tasks] ************************************************************************************
2025-10-24 22:05:31,385 p=1356 u=devops n=ansible INFO| skipping: [host3]
2025-10-24 22:05:31,387 p=1356 u=devops n=ansible INFO| TASK [vsftpd-role : include_tasks] ************************************************************************************
2025-10-24 22:05:31,400 p=1356 u=devops n=ansible INFO| included: /home/devops/ansible-training/lessons/14_Roles/vsftpd-role/roles/vsftpd-role/tasks/./ftpclients.yml for host3
2025-10-24 22:05:31,402 p=1356 u=devops n=ansible INFO| TASK [vsftpd-role : latest version of lftp is installed] **************************************************************
2025-10-24 22:05:33,450 p=1356 u=devops n=ansible INFO| ok: [host3]
2025-10-24 22:05:33,452 p=1356 u=devops n=ansible INFO| TASK [Testing] ********************************************************************************************************
2025-10-24 22:05:33,463 p=1356 u=devops n=ansible ERROR| ERROR! Could not find or access '/home/devops/ansible-training/lessons/14_Roles/vsftpd-role/tests/main.xml' on the Ansible Controller.
2025-10-24 22:05:33,463 p=1356 u=devops n=ansible INFO| fatal: [host3]: FAILED! => 
    changed: false
    include: tests/main.xml
    reason: Could not find or access '/home/devops/ansible-training/lessons/14_Roles/vsftpd-role/tests/main.xml'
        on the Ansible Controller.

2025-10-24 22:05:33,464 p=1356 u=devops n=ansible INFO| PLAY RECAP ************************************************************************************************************
2025-10-24 22:05:33,464 p=1356 u=devops n=ansible INFO| host3                      : ok=2    changed=0    unreachable=0    failed=1    skipped=1    rescued=0    ignored=0   
2025-10-24 22:05:45,277 p=1375 u=devops n=ansible INFO| PLAY [Smoke test of vsftpd-to-role project] ***************************************************************************
2025-10-24 22:05:45,304 p=1375 u=devops n=ansible INFO| TASK [vsftpd-role : include_tasks] ************************************************************************************
2025-10-24 22:05:45,322 p=1375 u=devops n=ansible INFO| skipping: [host3]
2025-10-24 22:05:45,324 p=1375 u=devops n=ansible INFO| TASK [vsftpd-role : include_tasks] ************************************************************************************
2025-10-24 22:05:45,337 p=1375 u=devops n=ansible INFO| included: /home/devops/ansible-training/lessons/14_Roles/vsftpd-role/roles/vsftpd-role/tasks/./ftpclients.yml for host3
2025-10-24 22:05:45,338 p=1375 u=devops n=ansible INFO| TASK [vsftpd-role : latest version of lftp is installed] **************************************************************
2025-10-24 22:05:47,595 p=1375 u=devops n=ansible INFO| ok: [host3]
2025-10-24 22:05:47,597 p=1375 u=devops n=ansible INFO| TASK [Testing] ********************************************************************************************************
2025-10-24 22:05:47,605 p=1375 u=devops n=ansible ERROR| ERROR! Could not find or access '/home/devops/ansible-training/lessons/14_Roles/vsftpd-role/tests/main.xml' on the Ansible Controller.
2025-10-24 22:05:47,605 p=1375 u=devops n=ansible INFO| fatal: [host3]: FAILED! => 
    changed: false
    include: tests/main.xml
    reason: Could not find or access '/home/devops/ansible-training/lessons/14_Roles/vsftpd-role/tests/main.xml'
        on the Ansible Controller.

2025-10-24 22:05:47,606 p=1375 u=devops n=ansible INFO| PLAY RECAP ************************************************************************************************************
2025-10-24 22:05:47,606 p=1375 u=devops n=ansible INFO| host3                      : ok=2    changed=0    unreachable=0    failed=1    skipped=1    rescued=0    ignored=0   
2025-10-24 22:06:09,343 p=1396 u=devops n=ansible INFO| PLAY [Smoke test of vsftpd-to-role project] ***************************************************************************
2025-10-24 22:06:09,365 p=1396 u=devops n=ansible INFO| TASK [vsftpd-role : include_tasks] ************************************************************************************
2025-10-24 22:06:09,375 p=1396 u=devops n=ansible INFO| skipping: [host3]
2025-10-24 22:06:09,377 p=1396 u=devops n=ansible INFO| TASK [vsftpd-role : include_tasks] ************************************************************************************
2025-10-24 22:06:09,393 p=1396 u=devops n=ansible INFO| included: /home/devops/ansible-training/lessons/14_Roles/vsftpd-role/roles/vsftpd-role/tasks/./ftpclients.yml for host3
2025-10-24 22:06:09,394 p=1396 u=devops n=ansible INFO| TASK [vsftpd-role : latest version of lftp is installed] **************************************************************
2025-10-24 22:06:11,480 p=1396 u=devops n=ansible INFO| ok: [host3]
2025-10-24 22:06:11,483 p=1396 u=devops n=ansible INFO| TASK [Testing] ********************************************************************************************************
2025-10-24 22:06:11,491 p=1396 u=devops n=ansible ERROR| ERROR! Could not find or access '/home/devops/ansible-training/lessons/14_Roles/vsftpd-role/roles/tests/main.xml' on the Ansible Controller.
2025-10-24 22:06:11,492 p=1396 u=devops n=ansible INFO| fatal: [host3]: FAILED! => 
    changed: false
    include: roles/tests/main.xml
    reason: Could not find or access '/home/devops/ansible-training/lessons/14_Roles/vsftpd-role/roles/tests/main.xml'
        on the Ansible Controller.

2025-10-24 22:06:11,493 p=1396 u=devops n=ansible INFO| PLAY RECAP ************************************************************************************************************
2025-10-24 22:06:11,493 p=1396 u=devops n=ansible INFO| host3                      : ok=2    changed=0    unreachable=0    failed=1    skipped=1    rescued=0    ignored=0   
2025-10-24 22:06:21,479 p=1415 u=devops n=ansible INFO| PLAY [Smoke test of vsftpd-to-role project] ***************************************************************************
2025-10-24 22:06:21,503 p=1415 u=devops n=ansible INFO| TASK [vsftpd-role : include_tasks] ************************************************************************************
2025-10-24 22:06:21,513 p=1415 u=devops n=ansible INFO| skipping: [host3]
2025-10-24 22:06:21,514 p=1415 u=devops n=ansible INFO| TASK [vsftpd-role : include_tasks] ************************************************************************************
2025-10-24 22:06:21,530 p=1415 u=devops n=ansible INFO| included: /home/devops/ansible-training/lessons/14_Roles/vsftpd-role/roles/vsftpd-role/tasks/./ftpclients.yml for host3
2025-10-24 22:06:21,531 p=1415 u=devops n=ansible INFO| TASK [vsftpd-role : latest version of lftp is installed] **************************************************************
2025-10-24 22:06:23,186 p=1415 u=devops n=ansible ERROR|  [ERROR]: User interrupted execution

2025-10-24 22:06:47,981 p=1435 u=devops n=ansible INFO| PLAY [Smoke test of vsftpd-to-role project] ***************************************************************************
2025-10-24 22:06:48,006 p=1435 u=devops n=ansible INFO| TASK [vsftpd-role : include_tasks] ************************************************************************************
2025-10-24 22:06:48,017 p=1435 u=devops n=ansible INFO| skipping: [host3]
2025-10-24 22:06:48,018 p=1435 u=devops n=ansible INFO| TASK [vsftpd-role : include_tasks] ************************************************************************************
2025-10-24 22:06:48,044 p=1435 u=devops n=ansible INFO| included: /home/devops/ansible-training/lessons/14_Roles/vsftpd-role/roles/vsftpd-role/tasks/./ftpclients.yml for host3
2025-10-24 22:06:48,047 p=1435 u=devops n=ansible INFO| TASK [vsftpd-role : latest version of lftp is installed] **************************************************************
2025-10-24 22:06:50,073 p=1435 u=devops n=ansible INFO| ok: [host3]
2025-10-24 22:06:50,074 p=1435 u=devops n=ansible INFO| TASK [Testing] ********************************************************************************************************
2025-10-24 22:06:50,082 p=1435 u=devops n=ansible ERROR| ERROR! Could not find or access '/home/devops/ansible-training/lessons/14_Roles/vsftpd-role/roles/vsftpd-role/tests/main.xml' on the Ansible Controller.
2025-10-24 22:06:50,084 p=1435 u=devops n=ansible INFO| fatal: [host3]: FAILED! => 
    changed: false
    include: roles/vsftpd-role/tests/main.xml
    reason: Could not find or access '/home/devops/ansible-training/lessons/14_Roles/vsftpd-role/roles/vsftpd-role/tests/main.xml'
        on the Ansible Controller.

2025-10-24 22:06:50,084 p=1435 u=devops n=ansible INFO| PLAY RECAP ************************************************************************************************************
2025-10-24 22:06:50,085 p=1435 u=devops n=ansible INFO| host3                      : ok=2    changed=0    unreachable=0    failed=1    skipped=1    rescued=0    ignored=0   
2025-10-24 22:07:13,154 p=1458 u=devops n=ansible INFO| PLAY [Smoke test of vsftpd-to-role project] ***************************************************************************
2025-10-24 22:07:13,174 p=1458 u=devops n=ansible INFO| TASK [vsftpd-role : include_tasks] ************************************************************************************
2025-10-24 22:07:13,185 p=1458 u=devops n=ansible INFO| skipping: [host3]
2025-10-24 22:07:13,186 p=1458 u=devops n=ansible INFO| TASK [vsftpd-role : include_tasks] ************************************************************************************
2025-10-24 22:07:13,201 p=1458 u=devops n=ansible INFO| included: /home/devops/ansible-training/lessons/14_Roles/vsftpd-role/roles/vsftpd-role/tasks/./ftpclients.yml for host3
2025-10-24 22:07:13,204 p=1458 u=devops n=ansible INFO| TASK [vsftpd-role : latest version of lftp is installed] **************************************************************
2025-10-24 22:07:15,448 p=1458 u=devops n=ansible INFO| ok: [host3]
2025-10-24 22:07:15,450 p=1458 u=devops n=ansible INFO| TASK [Testing] ********************************************************************************************************
2025-10-24 22:07:15,461 p=1458 u=devops n=ansible INFO| included: /home/devops/ansible-training/lessons/14_Roles/vsftpd-role/roles/vsftpd-role/tests/main.yml for host3
2025-10-24 22:07:15,463 p=1458 u=devops n=ansible INFO| TASK [Test lftp from host3 to host2] **********************************************************************************
2025-10-24 22:07:16,044 p=1458 u=devops n=ansible INFO| changed: [host3]
2025-10-24 22:07:16,045 p=1458 u=devops n=ansible INFO| TASK [Print lftp result] **********************************************************************************************
2025-10-24 22:07:16,071 p=1458 u=devops n=ansible INFO| ok: [host3] => 
    msg: ''

2025-10-24 22:07:16,072 p=1458 u=devops n=ansible INFO| PLAY RECAP ************************************************************************************************************
2025-10-24 22:07:16,072 p=1458 u=devops n=ansible INFO| host3                      : ok=5    changed=1    unreachable=0    failed=0    skipped=1    rescued=0    ignored=0   
2025-10-24 22:12:31,648 p=1493 u=devops n=ansible INFO| PLAY [Smoke test of vsftpd-to-role project] ***************************************************************************
2025-10-24 22:12:31,675 p=1493 u=devops n=ansible INFO| TASK [vsftpd-role : include_tasks] ************************************************************************************
2025-10-24 22:12:31,698 p=1493 u=devops n=ansible INFO| skipping: [host3]
2025-10-24 22:12:31,704 p=1493 u=devops n=ansible INFO| TASK [vsftpd-role : include_tasks] ************************************************************************************
2025-10-24 22:12:31,734 p=1493 u=devops n=ansible INFO| included: /home/devops/ansible-training/lessons/14_Roles/vsftpd-role/roles/vsftpd-role/tasks/./ftpclients.yml for host3
2025-10-24 22:12:31,735 p=1493 u=devops n=ansible INFO| TASK [vsftpd-role : latest version of lftp is installed] **************************************************************
2025-10-24 22:12:34,022 p=1493 u=devops n=ansible INFO| ok: [host3]
2025-10-24 22:12:34,025 p=1493 u=devops n=ansible INFO| TASK [Testing] ********************************************************************************************************
2025-10-24 22:12:34,038 p=1493 u=devops n=ansible INFO| included: /home/devops/ansible-training/lessons/14_Roles/vsftpd-role/roles/vsftpd-role/tests/main.yml for host3
2025-10-24 22:12:34,043 p=1493 u=devops n=ansible INFO| TASK [Test lftp from host3 to host2] **********************************************************************************
2025-10-24 22:12:34,839 p=1493 u=devops n=ansible INFO| changed: [host3]
2025-10-24 22:12:34,844 p=1493 u=devops n=ansible INFO| TASK [Print debug if failed] ******************************************************************************************
2025-10-24 22:12:34,871 p=1493 u=devops n=ansible INFO| skipping: [host3]
2025-10-24 22:12:34,874 p=1493 u=devops n=ansible INFO| TASK [Print uploadad file content] ************************************************************************************
2025-10-24 22:12:34,896 p=1493 u=devops n=ansible INFO| fatal: [host3 -> host2]: FAILED! => 
    msg: The 'file' lookup had an issue accessing the file '/tmp/hosts'. file not found,
        use -vvvvv to see paths searched

2025-10-24 22:12:34,897 p=1493 u=devops n=ansible INFO| PLAY RECAP ************************************************************************************************************
2025-10-24 22:12:34,901 p=1493 u=devops n=ansible INFO| host3                      : ok=4    changed=1    unreachable=0    failed=1    skipped=2    rescued=0    ignored=0   
2025-10-24 22:16:07,466 p=1533 u=devops n=ansible INFO| PLAY [Smoke test of vsftpd-to-role project] ***************************************************************************
2025-10-24 22:16:07,490 p=1533 u=devops n=ansible INFO| TASK [vsftpd-role : include_tasks] ************************************************************************************
2025-10-24 22:16:07,510 p=1533 u=devops n=ansible INFO| skipping: [host3]
2025-10-24 22:16:07,511 p=1533 u=devops n=ansible INFO| TASK [vsftpd-role : include_tasks] ************************************************************************************
2025-10-24 22:16:07,525 p=1533 u=devops n=ansible INFO| included: /home/devops/ansible-training/lessons/14_Roles/vsftpd-role/roles/vsftpd-role/tasks/./ftpclients.yml for host3
2025-10-24 22:16:07,526 p=1533 u=devops n=ansible INFO| TASK [vsftpd-role : latest version of lftp is installed] **************************************************************
2025-10-24 22:16:09,439 p=1533 u=devops n=ansible INFO| ok: [host3]
2025-10-24 22:16:09,442 p=1533 u=devops n=ansible INFO| TASK [Testing] ********************************************************************************************************
2025-10-24 22:16:09,455 p=1533 u=devops n=ansible INFO| included: /home/devops/ansible-training/lessons/14_Roles/vsftpd-role/roles/vsftpd-role/tests/main.yml for host3
2025-10-24 22:16:09,456 p=1533 u=devops n=ansible INFO| TASK [Test lftp from host3 to host2] **********************************************************************************
2025-10-24 22:16:10,062 p=1533 u=devops n=ansible INFO| changed: [host3]
2025-10-24 22:16:10,066 p=1533 u=devops n=ansible INFO| TASK [Print debug if failed] ******************************************************************************************
2025-10-24 22:16:10,079 p=1533 u=devops n=ansible INFO| skipping: [host3]
2025-10-24 22:16:10,081 p=1533 u=devops n=ansible INFO| TASK [Print uploadad file content] ************************************************************************************
2025-10-24 22:16:10,095 p=1533 u=devops n=ansible INFO| fatal: [host3 -> host2]: FAILED! => 
    msg: The 'file' lookup had an issue accessing the file '/tmp/hosts'. file not found,
        use -vvvvv to see paths searched

2025-10-24 22:16:10,096 p=1533 u=devops n=ansible INFO| PLAY RECAP ************************************************************************************************************
2025-10-24 22:16:10,096 p=1533 u=devops n=ansible INFO| host3                      : ok=4    changed=1    unreachable=0    failed=1    skipped=2    rescued=0    ignored=0   
2025-10-24 22:18:20,832 p=1569 u=devops n=ansible INFO| PLAY [Smoke test of vsftpd-to-role project] ***************************************************************************
2025-10-24 22:18:20,858 p=1569 u=devops n=ansible INFO| TASK [vsftpd-role : include_tasks] ************************************************************************************
2025-10-24 22:18:20,878 p=1569 u=devops n=ansible INFO| skipping: [host3]
2025-10-24 22:18:20,880 p=1569 u=devops n=ansible INFO| TASK [vsftpd-role : include_tasks] ************************************************************************************
2025-10-24 22:18:20,895 p=1569 u=devops n=ansible INFO| included: /home/devops/ansible-training/lessons/14_Roles/vsftpd-role/roles/vsftpd-role/tasks/./ftpclients.yml for host3
2025-10-24 22:18:20,896 p=1569 u=devops n=ansible INFO| TASK [vsftpd-role : latest version of lftp is installed] **************************************************************
2025-10-24 22:18:23,217 p=1569 u=devops n=ansible INFO| ok: [host3]
2025-10-24 22:18:23,220 p=1569 u=devops n=ansible INFO| TASK [Testing] ********************************************************************************************************
2025-10-24 22:18:23,232 p=1569 u=devops n=ansible INFO| included: /home/devops/ansible-training/lessons/14_Roles/vsftpd-role/roles/vsftpd-role/tests/main.yml for host3
2025-10-24 22:18:23,235 p=1569 u=devops n=ansible INFO| TASK [Test lftp from host3 to host2] **********************************************************************************
2025-10-24 22:18:23,874 p=1569 u=devops n=ansible INFO| changed: [host3]
2025-10-24 22:18:23,876 p=1569 u=devops n=ansible INFO| TASK [Print debug if failed] ******************************************************************************************
2025-10-24 22:18:23,891 p=1569 u=devops n=ansible INFO| skipping: [host3]
2025-10-24 22:18:23,892 p=1569 u=devops n=ansible INFO| TASK [Register uploadad file content] *********************************************************************************
2025-10-24 22:18:24,803 p=1569 u=devops n=ansible INFO| changed: [host3 -> host2]
2025-10-24 22:18:24,806 p=1569 u=devops n=ansible INFO| TASK [Print file content] *********************************************************************************************
2025-10-24 22:18:24,819 p=1569 u=devops n=ansible INFO| ok: [host3] => 
    msg: |-
        127.0.0.1       localhost localhost.localdomain localhost4 localhost4.localdomain4
        ::1     localhost localhost.localdomain localhost6 localhost6.localdomain6
        10.89.1.1       host.containers.internal host.docker.internal
        10.89.1.28      host2 host2

2025-10-24 22:18:24,819 p=1569 u=devops n=ansible INFO| PLAY RECAP ************************************************************************************************************
2025-10-24 22:18:24,819 p=1569 u=devops n=ansible INFO| host3                      : ok=6    changed=2    unreachable=0    failed=0    skipped=2    rescued=0    ignored=0   
2025-10-24 22:20:40,423 p=1615 u=devops n=ansible INFO| PLAY [Smoke test of vsftpd-to-role project] ***************************************************************************
2025-10-24 22:20:40,447 p=1615 u=devops n=ansible INFO| TASK [vsftpd-role : include_tasks] ************************************************************************************
2025-10-24 22:20:40,457 p=1615 u=devops n=ansible INFO| skipping: [host3]
2025-10-24 22:20:40,458 p=1615 u=devops n=ansible INFO| TASK [vsftpd-role : include_tasks] ************************************************************************************
2025-10-24 22:20:40,480 p=1615 u=devops n=ansible INFO| included: /home/devops/ansible-training/lessons/14_Roles/vsftpd-role/roles/vsftpd-role/tasks/./ftpclients.yml for host3
2025-10-24 22:20:40,482 p=1615 u=devops n=ansible INFO| TASK [vsftpd-role : latest version of lftp is installed] **************************************************************
2025-10-24 22:20:42,674 p=1615 u=devops n=ansible INFO| ok: [host3]
2025-10-24 22:20:42,676 p=1615 u=devops n=ansible INFO| TASK [Testing] ********************************************************************************************************
2025-10-24 22:20:42,688 p=1615 u=devops n=ansible INFO| included: /home/devops/ansible-training/lessons/14_Roles/vsftpd-role/roles/vsftpd-role/tests/main.yml for host3
2025-10-24 22:20:42,689 p=1615 u=devops n=ansible INFO| TASK [Test host3.lftp to host2.vsftpd get file to host3] **************************************************************
2025-10-24 22:20:43,280 p=1615 u=devops n=ansible INFO| changed: [host3]
2025-10-24 22:20:43,284 p=1615 u=devops n=ansible INFO| TASK [Print debug if failed] ******************************************************************************************
2025-10-24 22:20:43,310 p=1615 u=devops n=ansible INFO| skipping: [host3]
2025-10-24 22:20:43,312 p=1615 u=devops n=ansible INFO| TASK [Register uploadad file content] *********************************************************************************
2025-10-24 22:20:43,965 p=1615 u=devops n=ansible INFO| changed: [host3]
2025-10-24 22:20:43,968 p=1615 u=devops n=ansible INFO| TASK [Print file content] *********************************************************************************************
2025-10-24 22:20:43,986 p=1615 u=devops n=ansible INFO| ok: [host3] => 
    msg: |-
        127.0.0.1       localhost localhost.localdomain localhost4 localhost4.localdomain4
        ::1     localhost localhost.localdomain localhost6 localhost6.localdomain6
        10.89.1.1       host.containers.internal host.docker.internal
        10.89.1.28      host2 host2

2025-10-24 22:20:43,992 p=1615 u=devops n=ansible INFO| PLAY RECAP ************************************************************************************************************
2025-10-24 22:20:43,992 p=1615 u=devops n=ansible INFO| host3                      : ok=6    changed=2    unreachable=0    failed=0    skipped=2    rescued=0    ignored=0   
